%!Adobe-FontList 1.19
%Locale:0x412

%BeginFont
Handler:DirectoryHandler
FontType:Invalid
OutlineFileName:E:\김다빈\2_웹표준\☆개인포토폴리오\김다빈_포토폴리오\Font\icomoon.eot
FileModTime:1445169726
%EndFont

%BeginFont
Handler:DirectoryHandler
FontType:Invalid
OutlineFileName:E:\김다빈\2_웹표준\☆개인포토폴리오\김다빈_포토폴리오\Font\icomoon.svg
FileModTime:1445169726
%EndFont

%BeginFont
Handler:DirectoryHandler
FontType:TrueType
FontName:icomoon
FamilyName:icomoon
StyleName:Regular
FullName:icomoon
MenuName:icomoon
StyleBits:0
FamilyNameNative:icomoon
StyleNameNative:Regular
FullNameNative:icomoon Regular
WritingScript:Korean
OutlineFileName:E:\김다빈\2_웹표준\☆개인포토폴리오\김다빈_포토폴리오\Font\icomoon.ttf
DataFormat:sfntData
hasSVG:no
VariableFontType:NonVariableFont
FileLength:200464
FileModTime:1445169726
WeightClass:400
WidthClass:5
AngleClass:0
NameArray:0,Mac,4,icomoon
NameArray:0,Win,1,icomoon
%EndFont

%BeginFont
Handler:DirectoryHandler
FontType:Invalid
OutlineFileName:E:\김다빈\2_웹표준\☆개인포토폴리오\김다빈_포토폴리오\Font\icomoon.woff
FileModTime:1445169726
%EndFont

